// Jest Snapshot v1, https://goo.gl/fbAQLP

exports[`NonEmptyString should populate the appropriate metadata 1`] = `
Object {
  "aliases": Object {
    "coscradDataType": "NON_EMPTY_STRING",
    "isArray": true,
    "isOptional": false,
  },
  "averageRating": Object {
    "coscradDataType": "NON_NEGATIVE_FINITE_NUMBER",
    "isArray": false,
    "isOptional": true,
  },
  "creatorType": Object {
    "coscradDataType": "ENUM",
    "enumLabel": "Creator Type",
    "enumName": "BIBLIOGRAPHIC_SUBJECT_CREATOR_TYPE",
    "isArray": false,
    "isOptional": false,
    "labelsAndValues": Array [
      Object {
        "label": "artist",
        "value": "artist",
      },
      Object {
        "label": "author",
        "value": "author",
      },
      Object {
        "label": "director",
        "value": "director",
      },
    ],
    "type": "ENUM",
  },
  "iconUrl": Object {
    "coscradDataType": "URL",
    "isArray": false,
    "isOptional": false,
  },
  "id": Object {
    "coscradDataType": "UUID",
    "isArray": false,
    "isOptional": false,
  },
  "locationId": Object {
    "coscradDataType": "UUID",
    "isArray": false,
    "isOptional": true,
  },
  "locationName": Object {
    "coscradDataType": "NON_EMPTY_STRING",
    "isArray": false,
    "isOptional": true,
  },
  "mimeType": Object {
    "coscradDataType": "ENUM",
    "enumLabel": "MIME Type",
    "enumName": "MIME_TYPE",
    "isArray": false,
    "isOptional": false,
    "labelsAndValues": Array [
      Object {
        "label": "mp3",
        "value": "audio/mpeg",
      },
      Object {
        "label": "mp4",
        "value": "video/mp4",
      },
    ],
    "type": "ENUM",
  },
  "numberOfDownvotes": Object {
    "isArray": false,
    "isOptional": true,
    "type": "POSITIVE_INTEGER",
  },
  "numberOfLikes": Object {
    "isArray": false,
    "isOptional": false,
    "type": "POSITIVE_INTEGER",
  },
  "optionalISBN": Object {
    "isArray": false,
    "isOptional": true,
    "type": "ISBN",
  },
  "optionalRawData": Object {
    "coscradDataType": "RAW_DATA",
    "isArray": false,
    "isOptional": true,
  },
  "primaryWhatsit": Object {
    "coscradDataType": Object {
      "whatsitId": Object {
        "coscradDataType": "UUID",
        "isArray": false,
        "isOptional": false,
      },
      "whatsitName": Object {
        "coscradDataType": "NON_EMPTY_STRING",
        "isArray": false,
        "isOptional": true,
      },
    },
    "isArray": false,
    "isOptional": false,
  },
  "rawDataObject": Object {
    "coscradDataType": "RAW_DATA",
    "isArray": false,
    "isOptional": false,
  },
  "requiredISBN": Object {
    "isArray": false,
    "isOptional": false,
    "type": "ISBN",
  },
  "role": Object {
    "coscradDataType": "ENUM",
    "enumLabel": "User Role",
    "enumName": "COSCRAD_USER_ROLE",
    "isArray": false,
    "isOptional": false,
    "labelsAndValues": Array [
      Object {
        "label": "admin",
        "value": "projectAdmin",
      },
      Object {
        "label": "viewer",
        "value": "viewer",
      },
      Object {
        "label": "COSCRAD admin",
        "value": "superAdmin",
      },
    ],
    "type": "ENUM",
  },
  "secondaryWhatsit": Object {
    "coscradDataType": Object {
      "whatsitId": Object {
        "coscradDataType": "UUID",
        "isArray": false,
        "isOptional": false,
      },
      "whatsitName": Object {
        "coscradDataType": "NON_EMPTY_STRING",
        "isArray": false,
        "isOptional": true,
      },
    },
    "isArray": false,
    "isOptional": true,
  },
  "specSheetUrl": Object {
    "coscradDataType": "URL",
    "isArray": false,
    "isOptional": true,
  },
  "widgetName": Object {
    "coscradDataType": "NON_EMPTY_STRING",
    "isArray": false,
    "isOptional": false,
  },
  "width": Object {
    "coscradDataType": "NON_NEGATIVE_FINITE_NUMBER",
    "isArray": false,
    "isOptional": false,
  },
  "year": Object {
    "isArray": false,
    "isOptional": false,
    "type": "YEAR",
  },
  "yearUploaded": Object {
    "isArray": false,
    "isOptional": true,
    "type": "YEAR",
  },
  "year": Object {
    "isArray": false,
    "isOptional": false,
    "type": "YEAR",
  },
  "yearUploaded": Object {
    "isArray": false,
    "isOptional": true,
    "type": "YEAR",
  },
}
`;
