// Jest Snapshot v1, https://goo.gl/fbAQLP

exports[`NonEmptyString should populate the appropriate metadata 1`] = `
Object {
  "aliases": Object {
    "isArray": true,
    "isOptional": false,
    "type": "NON_EMPTY_STRING",
  },
  "averageRating": Object {
    "isArray": false,
    "isOptional": true,
    "type": "NON_NEGATIVE_FINITE_NUMBER",
  },
  "iconUrl": Object {
    "isArray": false,
    "isOptional": false,
    "type": "URL",
  },
  "id": Object {
    "isArray": false,
    "isOptional": false,
    "type": "UUID",
  },
  "locationId": Object {
    "isArray": false,
    "isOptional": true,
    "type": "UUID",
  },
  "locationName": Object {
    "isArray": false,
    "isOptional": true,
    "type": "NON_EMPTY_STRING",
  },
  "mimeType": Object {
    "enumLabel": "MIME Type",
    "enumName": "MIME_TYPE",
    "isArray": false,
    "isOptional": false,
    "labelsAndValues": Array [
      Object {
        "label": "mp3",
        "value": "audio/mpeg",
      },
    ],
    "type": "Enum",
  },
  "optionalRawData": Object {
    "isArray": false,
    "isOptional": true,
    "type": "RAW_DATA",
  },
  "primaryWhatsit": Object {
    "isArray": false,
    "isOptional": false,
    "type": Object {
      "whatsitId": Object {
        "isArray": false,
        "isOptional": false,
        "type": "UUID",
      },
      "whatsitName": Object {
        "isArray": false,
        "isOptional": true,
        "type": "NON_EMPTY_STRING",
      },
    },
  },
  "rawDataObject": Object {
    "isArray": false,
    "isOptional": false,
    "type": "RAW_DATA",
  },
  "secondaryWhatsit": Object {
    "isArray": false,
    "isOptional": true,
    "type": Object {
      "whatsitId": Object {
        "isArray": false,
        "isOptional": false,
        "type": "UUID",
      },
      "whatsitName": Object {
        "isArray": false,
        "isOptional": true,
        "type": "NON_EMPTY_STRING",
      },
    },
  },
  "specSheetUrl": Object {
    "isArray": false,
    "isOptional": true,
    "type": "URL",
  },
  "widgetName": Object {
    "isArray": false,
    "isOptional": false,
    "type": "NON_EMPTY_STRING",
  },
  "width": Object {
    "isArray": false,
    "isOptional": false,
    "type": "NON_NEGATIVE_FINITE_NUMBER",
  },
}
`;
