// Jest Snapshot v1, https://goo.gl/fbAQLP

exports[`Term View Model's schema should match the snapshot 1`] = `
Object {
  "audioURL": Object {
    "coscradDataType": "URL",
    "isArray": false,
    "isOptional": false,
  },
  "contributor": Object {
    "coscradDataType": "NON_EMPTY_STRING",
    "isArray": false,
    "isOptional": false,
  },
  "id": Object {
    "coscradDataType": "NON_EMPTY_STRING",
    "isArray": false,
    "isOptional": false,
  },
  "sourceProject": Object {
    "coscradDataType": "NON_EMPTY_STRING",
    "isArray": false,
    "isOptional": true,
  },
  "term": Object {
    "coscradDataType": "NON_EMPTY_STRING",
    "isArray": false,
    "isOptional": true,
  },
  "termEnglish": Object {
    "coscradDataType": "NON_EMPTY_STRING",
    "isArray": false,
    "isOptional": true,
  },
}
`;
