// Jest Snapshot v1, https://goo.gl/fbAQLP

exports[`GET /entities (fetch view models) When querying for a single View Model by ID GET /books/:id when the entity is published when an entity with the id is found should return the expected response 1`] = `
Object {
  "author": "John Doeburg",
  "id": "23",
  "publicationDate": "2002",
  "subtitle": "The wolf's revenge",
  "title": "Three Little Pigs",
}
`;

exports[`GET /entities (fetch view models) When querying for a single View Model by ID GET /terms/:id when the entity is published when an entity with the id is found should return the expected response 1`] = `
Object {
  "contributor": "",
  "id": "1",
  "term": "Chil-term-1",
  "termEnglish": "Engl-term-1",
}
`;

exports[`GET /entities (fetch view models) When querying for a single View Model by ID GET /transcribedAudioItems/:id when the entity is published when an entity with the id is found should return the expected response 1`] = `
Object {
  "audioURL": "https://www.myaudio.com:5555/media?id=123.mp3.mp3",
  "id": "110",
  "length": 20000,
  "plainText": "
[12000] There once was a little wooden boy. [15550]
[18300] His name was Pinocchio. [19240]",
  "start": 0,
}
`;

exports[`GET /entities (fetch view models) When querying for a single View Model by ID GET /vocabularyLists/:id when the entity is published when an entity with the id is found should return the expected response 1`] = `
Object {
  "entries": Array [
    Object {
      "term": Object {
        "contributor": "",
        "id": "1",
        "term": "Chil-term-1",
        "termEnglish": "Engl-term-1",
      },
      "variableValues": Object {
        "person": "11",
      },
    },
    Object {
      "term": Object {
        "contributor": "",
        "id": "2",
        "term": "Chil-term-2",
        "termEnglish": "Engl-term-2",
      },
      "variableValues": Object {
        "person": "21",
      },
    },
  ],
  "id": "vocabulary-list-id-1",
  "name": "test VL 1 chil",
  "nameEnglish": "test VL 1 engl",
  "variables": Array [
    Object {
      "name": "person",
      "type": "dropbox",
      "validValues": Array [
        Object {
          "display": "I",
          "value": "11",
        },
        Object {
          "display": "We",
          "value": "21",
        },
      ],
    },
  ],
}
`;
