// Jest Snapshot v1, https://goo.gl/fbAQLP

exports[`GET /resources should return the expected result 1`] = `
Array [
  Object {
    "description": "A term is a word, phrase, or sentence.",
    "label": "Term",
    "link": "/testApiPrefix/resources/terms",
    "resourceType": "term",
  },
  Object {
    "description": "A vocabulary list gathers terms with filters that apply within the context of the vocabulary list.",
    "label": "Vocabulary List",
    "link": "/testApiPrefix/resources/vocabularyLists",
    "resourceType": "vocabularyList",
  },
  Object {
    "description": "A transcribed audio item includes a link to an audio recording and the associated transcript.",
    "label": "Transcribed Audio Item",
    "link": "/testApiPrefix/resources/transcribedAudioItems",
    "resourceType": "transcribedAudio",
  },
  Object {
    "description": "A book is a digital representation of a text, organized into pages.",
    "label": "Book",
    "link": "/testApiPrefix/resources/books",
    "resourceType": "book",
  },
  Object {
    "description": "A photograph is a digital representation of an analog photograph and its metadata.",
    "label": "Photograph",
    "link": "/testApiPrefix/resources/photographs",
    "resourceType": "photograph",
  },
  Object {
    "description": "A spatial feature may be a point, line, or polygon on the map.",
    "label": "Spatial Feature",
    "link": "/testApiPrefix/resources/spatialFeatures",
    "resourceType": "spatialFeature",
  },
  Object {
    "description": "A bibliographic reference is a reference to, but not a digital representation of, a research resource.",
    "label": "BibliographicReference",
    "link": "/testApiPrefix/resources/bibliographicReferences",
    "resourceType": "bibliographicReference",
  },
  Object {
    "description": "A song includes a link to an audio recording along with metadata and lyrics (when available).",
    "label": "Song",
    "link": "/testApiPrefix/resources/songs",
    "resourceType": "song",
  },
  Object {
    "description": "A media item is a digital representation of an audio or video recording.",
    "label": "Media Item",
    "link": "/testApiPrefix/resources/mediaItems",
    "resourceType": "mediaItem",
  },
]
`;
