// Jest Snapshot v1, https://goo.gl/fbAQLP

exports[`GET /resources should return the expected result 1`] = `
Array [
  Object {
    "description": "A term is a word, phrase, or sentence.",
    "link": "/testApiPrefix/resources/terms",
    "resourceType": "term",
  },
  Object {
    "description": "A vocabulary list gathers terms with filters that apply within the context of the vocabulary list",
    "link": "/testApiPrefix/resources/vocabularyLists",
    "resourceType": "vocabularyList",
  },
  Object {
    "description": "An audio with transcript is an audio recording accompanied by a transcription",
    "link": "/testApiPrefix/resources/transcribedAudioItems",
    "resourceType": "transcribedAudio",
  },
  Object {
    "description": "A book is a digital representation of a text, organized into pages",
    "link": "/testApiPrefix/resources/books",
    "resourceType": "book",
  },
  Object {
    "description": "A Photograph is a digital representation of an analog photograph and its metadata",
    "link": "/testApiPrefix/resources/photographs",
    "resourceType": "photograph",
  },
  Object {
    "description": "A spatial feature may be a point, line, or polygon on the map",
    "link": "/testApiPrefix/resources/spatialFeatures",
    "resourceType": "spatialFeature",
  },
  Object {
    "description": "A bibliographic reference is a reference to, but not a digital representation of, a research resource",
    "link": "/testApiPrefix/resources/bibliographicReferences",
    "resourceType": "bibliographicReference",
  },
  Object {
    "description": "A song includes lyrics and url link to audio recording.",
    "link": "/testApiPrefix/resources/songs",
    "resourceType": "song",
  },
  Object {
    "description": "A media item includes a link to and data for an audio or video recording",
    "link": "/testApiPrefix/resources/mediaItems",
    "resourceType": "mediaItem",
  },
]
`;
